Erreur, le fichier graph ne porte pas la bonne extension (.dot)